
Loading design for application trce from file common_controller_common_controller.ncd.
Design name: CC_CPLD_TOP
NCD version: 3.3
Vendor:      LATTICE
Device:      LCMXO2-4000HC
Package:     TQFP144
Performance: 4
Loading device for application trce from file 'xo2c4000.nph' in environment: C:/lscc/diamond/3.10_x64/ispfpga.
Package Status:                     Final          Version 1.44.
Performance Hardware Data Status:   Final          Version 34.4.
Setup and Hold Report

--------------------------------------------------------------------------------
Lattice TRACE Report - Setup, Version Diamond (64-bit) 3.10.0.111.2
Thu Nov 16 15:18:25 2017

Copyright (c) 1991-1994 by NeoCAD Inc. All rights reserved.
Copyright (c) 1995 AT&T Corp.   All rights reserved.
Copyright (c) 1995-2001 Lucent Technologies Inc.  All rights reserved.
Copyright (c) 2001 Agere Systems   All rights reserved.
Copyright (c) 2002-2017 Lattice Semiconductor Corporation,  All rights reserved.

Report Information
------------------
Command line:    trce -v 10 -gt -sethld -sp 4 -sphld m -o Common_Controller_Common_Controller.twr -gui -msgset C:/CPLD/CPLD_PWM_DB/promote.xml Common_Controller_Common_Controller.ncd Common_Controller_Common_Controller.prf 
Design file:     common_controller_common_controller.ncd
Preference file: common_controller_common_controller.prf
Device,speed:    LCMXO2-4000HC,4
Report level:    verbose report, limited to 10 items per preference
--------------------------------------------------------------------------------

1 potential circuit loop found in timing analysis.
1 potential circuit loop found in timing analysis.
BLOCK ASYNCPATHS
BLOCK RESETPATHS
--------------------------------------------------------------------------------


Derating parameters
-------------------
VCCIO Voltage:
                   3.300 V (Bank 0, defined by PAR)
                   3.300 V (Bank 1, defined by PAR)
                   3.300 V (Bank 2, defined by PAR)
                   3.300 V (Bank 3, defined by PAR)
                   3.300 V (Bank 4, defined by PAR)
                   3.300 V (Bank 5, defined by PAR)



================================================================================
Preference: Default path enumeration
            175 items scored, 0 timing errors detected.
--------------------------------------------------------------------------------

Report:   18.249ns delay FO1 to PWM3B_C

   Name    Fanout   Delay (ns)          Site               Resource
PADI_DEL    ---     1.132         12.PAD to       12.PADDI FO1
ROUTE         1     5.159       12.PADDI to     R14C31A.B0 FO1_c
CTOF_DEL    ---     0.495     R14C31A.B0 to     R14C31A.F0 SLICE_0
ROUTE        22     4.907     R14C31A.F0 to     R13C27A.A0 ERR_ALL
CTOF_DEL    ---     0.495     R13C27A.A0 to     R13C27A.F0 SLICE_17
ROUTE         1     3.264     R13C27A.F0 to       22.PADDO PWM3B_C_c
DOPAD_DEL   ---     2.797       22.PADDO to         22.PAD PWM3B_C
                  --------
                   18.249   (27.0% logic, 73.0% route), 4 logic levels.

Report:   17.370ns delay FO1 to PWM5B_C

   Name    Fanout   Delay (ns)          Site               Resource
PADI_DEL    ---     1.132         12.PAD to       12.PADDI FO1
ROUTE         1     5.159       12.PADDI to     R14C31A.B0 FO1_c
CTOF_DEL    ---     0.495     R14C31A.B0 to     R14C31A.F0 SLICE_0
ROUTE        22     3.613     R14C31A.F0 to     R14C23A.A0 ERR_ALL
CTOF_DEL    ---     0.495     R14C23A.A0 to     R14C23A.F0 SLICE_19
ROUTE         1     3.679     R14C23A.F0 to       33.PADDO PWM5B_C_c
DOPAD_DEL   ---     2.797       33.PADDO to         33.PAD PWM5B_C
                  --------
                   17.370   (28.3% logic, 71.7% route), 4 logic levels.

Report:   16.943ns delay FO1 to PWM6B_C

   Name    Fanout   Delay (ns)          Site               Resource
PADI_DEL    ---     1.132         12.PAD to       12.PADDI FO1
ROUTE         1     5.159       12.PADDI to     R14C31A.B0 FO1_c
CTOF_DEL    ---     0.495     R14C31A.B0 to     R14C31A.F0 SLICE_0
ROUTE        22     3.613     R14C31A.F0 to     R14C23B.A0 ERR_ALL
CTOF_DEL    ---     0.495     R14C23B.A0 to     R14C23B.F0 SLICE_20
ROUTE         1     3.252     R14C23B.F0 to       35.PADDO PWM6B_C_c
DOPAD_DEL   ---     2.797       35.PADDO to         35.PAD PWM6B_C
                  --------
                   16.943   (29.0% logic, 71.0% route), 4 logic levels.

Report:   16.674ns delay CMP_OUT9 to PWM3B_C

   Name    Fanout   Delay (ns)          Site               Resource
PADI_DEL    ---     1.132         87.PAD to       87.PADDI CMP_OUT9
ROUTE         2     2.342       87.PADDI to     R14C31D.C0 CMP_OUT9_c
CTOF_DEL    ---     0.495     R14C31D.C0 to     R14C31D.F0 SLICE_1
ROUTE         1     0.747     R14C31D.F0 to     R14C31A.C0 ERR_ALL_1
CTOF_DEL    ---     0.495     R14C31A.C0 to     R14C31A.F0 SLICE_0
ROUTE        22     4.907     R14C31A.F0 to     R13C27A.A0 ERR_ALL
CTOF_DEL    ---     0.495     R13C27A.A0 to     R13C27A.F0 SLICE_17
ROUTE         1     3.264     R13C27A.F0 to       22.PADDO PWM3B_C_c
DOPAD_DEL   ---     2.797       22.PADDO to         22.PAD PWM3B_C
                  --------
                   16.674   (32.5% logic, 67.5% route), 5 logic levels.

Report:   16.616ns delay FO1 to PWM4B_C

   Name    Fanout   Delay (ns)          Site               Resource
PADI_DEL    ---     1.132         12.PAD to       12.PADDI FO1
ROUTE         1     5.159       12.PADDI to     R14C31A.B0 FO1_c
CTOF_DEL    ---     0.495     R14C31A.B0 to     R14C31A.F0 SLICE_0
ROUTE        22     2.715     R14C31A.F0 to     R13C22C.A0 ERR_ALL
CTOF_DEL    ---     0.495     R13C22C.A0 to     R13C22C.F0 SLICE_18
ROUTE         1     3.823     R13C22C.F0 to       31.PADDO PWM4B_C_c
DOPAD_DEL   ---     2.797       31.PADDO to         31.PAD PWM4B_C
                  --------
                   16.616   (29.6% logic, 70.4% route), 4 logic levels.

Report:   16.498ns delay FO1 to IO5_C

   Name    Fanout   Delay (ns)          Site               Resource
PADI_DEL    ---     1.132         12.PAD to       12.PADDI FO1
ROUTE         1     5.159       12.PADDI to     R14C31A.B0 FO1_c
CTOF_DEL    ---     0.495     R14C31A.B0 to     R14C31A.F0 SLICE_0
ROUTE        22     2.613     R14C31A.F0 to     R10C22B.B0 ERR_ALL
CTOF_DEL    ---     0.495     R10C22B.B0 to     R10C22B.F0 PROTECTION/SLICE_3
ROUTE         1     3.807     R10C22B.F0 to        2.PADDO IO5_C_c
DOPAD_DEL   ---     2.797        2.PADDO to          2.PAD IO5_C
                  --------
                   16.498   (29.8% logic, 70.2% route), 4 logic levels.

Report:   16.497ns delay FO1 to PWM4A_C

   Name    Fanout   Delay (ns)          Site               Resource
PADI_DEL    ---     1.132         12.PAD to       12.PADDI FO1
ROUTE         1     5.159       12.PADDI to     R14C31A.B0 FO1_c
CTOF_DEL    ---     0.495     R14C31A.B0 to     R14C31A.F0 SLICE_0
ROUTE        22     3.167     R14C31A.F0 to     R14C22A.A0 ERR_ALL
CTOF_DEL    ---     0.495     R14C22A.A0 to     R14C22A.F0 SLICE_9
ROUTE         1     3.252     R14C22A.F0 to       28.PADDO PWM4A_C_c
DOPAD_DEL   ---     2.797       28.PADDO to         28.PAD PWM4A_C
                  --------
                   16.497   (29.8% logic, 70.2% route), 4 logic levels.

Report:   16.349ns delay FO1 to PWM5A_C

   Name    Fanout   Delay (ns)          Site               Resource
PADI_DEL    ---     1.132         12.PAD to       12.PADDI FO1
ROUTE         1     5.159       12.PADDI to     R14C31A.B0 FO1_c
CTOF_DEL    ---     0.495     R14C31A.B0 to     R14C31A.F0 SLICE_0
ROUTE        22     2.947     R14C31A.F0 to     R14C22C.C0 ERR_ALL
CTOF_DEL    ---     0.495     R14C22C.C0 to     R14C22C.F0 SLICE_10
ROUTE         1     3.324     R14C22C.F0 to       32.PADDO PWM5A_C_c
DOPAD_DEL   ---     2.797       32.PADDO to         32.PAD PWM5A_C
                  --------
                   16.349   (30.1% logic, 69.9% route), 4 logic levels.

Report:   16.245ns delay CMP_OUT12 to PWM3B_C

   Name    Fanout   Delay (ns)          Site               Resource
PADI_DEL    ---     1.132         86.PAD to       86.PADDI CMP_OUT12
ROUTE         1     1.913       86.PADDI to     R14C31D.A0 CMP_OUT12_c
CTOF_DEL    ---     0.495     R14C31D.A0 to     R14C31D.F0 SLICE_1
ROUTE         1     0.747     R14C31D.F0 to     R14C31A.C0 ERR_ALL_1
CTOF_DEL    ---     0.495     R14C31A.C0 to     R14C31A.F0 SLICE_0
ROUTE        22     4.907     R14C31A.F0 to     R13C27A.A0 ERR_ALL
CTOF_DEL    ---     0.495     R13C27A.A0 to     R13C27A.F0 SLICE_17
ROUTE         1     3.264     R13C27A.F0 to       22.PADDO PWM3B_C_c
DOPAD_DEL   ---     2.797       22.PADDO to         22.PAD PWM3B_C
                  --------
                   16.245   (33.3% logic, 66.7% route), 5 logic levels.

Report:   16.200ns delay FO1 to PWM7B_C

   Name    Fanout   Delay (ns)          Site               Resource
PADI_DEL    ---     1.132         12.PAD to       12.PADDI FO1
ROUTE         1     5.159       12.PADDI to     R14C31A.B0 FO1_c
CTOF_DEL    ---     0.495     R14C31A.B0 to     R14C31A.F0 SLICE_0
ROUTE        22     4.480     R14C31A.F0 to     R14C27B.A0 ERR_ALL
CTOF_DEL    ---     0.495     R14C27B.A0 to     R14C27B.F0 SLICE_21
ROUTE         1     1.642     R14C27B.F0 to       65.PADDO PWM7B_C_c
DOPAD_DEL   ---     2.797       65.PADDO to         65.PAD PWM7B_C
                  --------
                   16.200   (30.4% logic, 69.6% route), 4 logic levels.

Report:  143.000MHz is the maximum frequency for this preference.

Report:   18.249ns is the maximum delay for this preference.


================================================================================
Preference: Default net enumeration
            51 items scored, 0 timing errors detected.
--------------------------------------------------------------------------------

Report:    7.588ns maximum delay on GND

           Delays             Connection(s)
           4.183ns       R17C24A.F0 to 114.PADDO       
           4.183ns       R17C24A.F0 to 117.PADDO       
           4.021ns       R17C24A.F0 to 45.PADDO        
           3.352ns       R17C24A.F0 to 119.PADDO       
           4.189ns       R17C24A.F0 to 121.PADDO       
           4.028ns       R17C24A.F0 to 47.PADDO        
           7.070ns       R17C24A.F0 to 4.PADDO         
           7.157ns       R17C24A.F0 to 5.PADDO         
           7.157ns       R17C24A.F0 to 6.PADDO         
           7.163ns       R17C24A.F0 to 9.PADDO         
           7.163ns       R17C24A.F0 to 10.PADDO        
           7.163ns       R17C24A.F0 to 11.PADDO        
           4.535ns       R17C24A.F0 to 38.PADDO        
           4.535ns       R17C24A.F0 to 39.PADDO        
           4.535ns       R17C24A.F0 to 40.PADDO        
           4.535ns       R17C24A.F0 to 41.PADDO        
           4.028ns       R17C24A.F0 to 42.PADDO        
           4.028ns       R17C24A.F0 to 43.PADDO        
           4.028ns       R17C24A.F0 to 48.PADDO        
           3.069ns       R17C24A.F0 to 49.PADDO        
           3.069ns       R17C24A.F0 to 50.PADDO        
           3.063ns       R17C24A.F0 to 52.PADDO        
           3.063ns       R17C24A.F0 to 54.PADDO        
           2.552ns       R17C24A.F0 to 55.PADDO        
           7.588ns       R17C24A.F0 to 26.PADDO        
           6.643ns       R17C24A.F0 to 1.PADDO         
           5.250ns       R17C24A.F0 to 143.PADDO       
           6.118ns       R17C24A.F0 to 141.PADDO       
           4.730ns       R17C24A.F0 to 127.PADDO       
           4.653ns       R17C24A.F0 to 126.PADDO       
           4.653ns       R17C24A.F0 to 125.PADDO       
           6.111ns       R17C24A.F0 to 139.PADDO       
           6.118ns       R17C24A.F0 to 140.PADDO       
           5.250ns       R17C24A.F0 to 142.PADDO       
           2.552ns       R17C24A.F0 to 56.PADDO        
           2.118ns       R17C24A.F0 to 57.PADDO        
           2.118ns       R17C24A.F0 to 58.PADDO        
           1.672ns       R17C24A.F0 to 59.PADDO        
           1.672ns       R17C24A.F0 to 60.PADDO        
           1.790ns       R17C24A.F0 to 70.PADDO        
           3.352ns       R17C24A.F0 to 120.PADDO       
           1.790ns       R17C24A.F0 to 71.PADDO        

Report:    5.159ns maximum delay on FO1_c

           Delays             Connection(s)
           5.159ns         12.PADDI to R14C31A.B0      

Report:    4.907ns maximum delay on ERR_ALL

           Delays             Connection(s)
           4.480ns       R14C31A.F0 to R14C27B.A0      
           3.613ns       R14C31A.F0 to R14C23B.A0      
           3.613ns       R14C31A.F0 to R14C23A.A0      
           2.715ns       R14C31A.F0 to R13C22C.A0      
           4.907ns       R14C31A.F0 to R13C27A.A0      
           3.025ns       R14C31A.F0 to R10C22C.B0      
           2.533ns       R14C31A.F0 to R10C26A.B0      
           0.664ns       R14C31A.F0 to R13C31A.D0      
           4.480ns       R14C31A.F0 to R14C27A.A0      
           3.613ns       R14C31A.F0 to R14C24B.A0      
           2.826ns       R14C31A.F0 to R14C22B.D0      
           2.947ns       R14C31A.F0 to R14C22C.C0      
           3.167ns       R14C31A.F0 to R14C22A.A0      
           2.495ns       R14C31A.F0 to R13C22A.C0      
           1.849ns       R14C31A.F0 to R10C25B.C0      
           2.647ns       R14C31A.F0 to R10C22A.D0      
           3.204ns       R14C31A.F0 to R14C22D.B0      
           2.613ns       R14C31A.F0 to R10C22B.B0      
           0.697ns       R14C31A.F0 to R14C31C.A0      
           0.667ns       R14C31A.F0 to R14C31D.D1      
           0.041ns       R14C31A.F0 to R14C31A.DI0     
           0.697ns       R14C31A.F0 to R14C31A.A1      

Report:    4.688ns maximum delay on ERR_V

           Delays             Connection(s)
           4.688ns       R14C31B.F0 to 27.PADDO        
           3.698ns       R14C31B.F0 to 23.PADDO        

Report:    4.172ns maximum delay on PWM3A_D_c

           Delays             Connection(s)
           4.172ns        104.PADDI to R13C22A.B0      

Report:    3.823ns maximum delay on PWM4B_C_c

           Delays             Connection(s)
           3.823ns       R13C22C.F0 to 31.PADDO        

Report:    3.807ns maximum delay on IO5_C_c

           Delays             Connection(s)
           3.807ns       R10C22B.F0 to 2.PADDO         

Report:    3.768ns maximum delay on PWM5B_D_c

           Delays             Connection(s)
           3.768ns        110.PADDI to R14C23A.B0      

Report:    3.768ns maximum delay on PWM6A_D_c

           Delays             Connection(s)
           3.768ns        112.PADDI to R14C22B.B0      

Report:    3.768ns maximum delay on PWM5A_D_c

           Delays             Connection(s)
           3.768ns        111.PADDI to R14C22C.B0      

Report:    7.588ns is the maximum delay for this preference.

Report Summary
--------------
----------------------------------------------------------------------------
Preference                              |   Constraint|       Actual|Levels
----------------------------------------------------------------------------
                                        |             |             |
Default path enumeration                |     0.000 ns|    18.249 ns|   0  
                                        |             |             |
Default net enumeration                 |     0.000 ns|     7.588 ns|   0  
                                        |             |             |
----------------------------------------------------------------------------


All preferences were met.


Clock Domains Analysis
------------------------

Found 3 clocks:

Clock Domain: PROTECTION/ERR_NEW   Source: PROTECTION/SLICE_2.F0   Loads: 1
   No transfer within this clock domain is found

Clock Domain: PROTECTION/ERR_NEW   Source: PROTECTION/SLICE_2.F0   Loads: 1
   No transfer within this clock domain is found

Clock Domain: PROTECTION/ERR_NEW   Source: PROTECTION/SLICE_2.F0   Loads: 1
   No transfer within this clock domain is found


Timing summary (Setup):
---------------

Timing errors: 0  Score: 0
Cumulative negative slack: 0

Constraints cover 175 paths, 51 nets, and 135 connections (99.26% coverage)

--------------------------------------------------------------------------------

