
Loading design for application trce from file common_controller_common_controller.ncd.
Design name: CC_CPLD_TOP
NCD version: 3.2
Vendor:      LATTICE
Device:      LCMXO2-4000HC
Package:     TQFP144
Performance: 4
Loading device for application trce from file 'xo2c4000.nph' in environment: C:/lscc/diamond/3.2_x64/ispfpga.
Package Status:                     Final          Version 1.36
Performance Hardware Data Status:   Final          Version 25.4
Setup and Hold Report

--------------------------------------------------------------------------------
Lattice TRACE Report - Setup, Version Diamond (64-bit) 3.2.0.134
Wed Apr 13 01:01:46 2016

Copyright (c) 1991-1994 by NeoCAD Inc. All rights reserved.
Copyright (c) 1995 AT&T Corp.   All rights reserved.
Copyright (c) 1995-2001 Lucent Technologies Inc.  All rights reserved.
Copyright (c) 2001 Agere Systems   All rights reserved.
Copyright (c) 2002-2014 Lattice Semiconductor Corporation,  All rights reserved.

Report Information
------------------
Command line:    trce -v 10 -gt -sethld -sp 4 -sphld m -o Common_Controller_Common_Controller.twr -gui Common_Controller_Common_Controller.ncd Common_Controller_Common_Controller.prf 
Design file:     common_controller_common_controller.ncd
Preference file: common_controller_common_controller.prf
Device,speed:    LCMXO2-4000HC,4
Report level:    verbose report, limited to 10 items per preference
--------------------------------------------------------------------------------

BLOCK ASYNCPATHS
BLOCK RESETPATHS
--------------------------------------------------------------------------------


Derating parameters
-------------------
Voltage:    1.200 V



================================================================================
Preference: Default path enumeration
            114 items scored, 0 timing errors detected.
--------------------------------------------------------------------------------

Report:   15.088ns delay IO9_C to PWM3A_C

   Name    Fanout   Delay (ns)          Site               Resource
PADI_DEL    ---     1.132        133.PAD to      133.PADDI IO9_C
ROUTE         3     2.883      133.PADDI to      R2C24D.A0 IO9_C_c
CTOF_DEL    ---     0.443      R2C24D.A0 to      R2C24D.F0 SLICE_0
ROUTE        14     2.382      R2C24D.F0 to     R13C27A.A0 N_21
CTOF_DEL    ---     0.443     R13C27A.A0 to     R13C27A.F0 SLICE_6
ROUTE         6     5.008     R13C27A.F0 to       21.PADDO PWM9B_C_c
DOPAD_DEL   ---     2.797       21.PADDO to         21.PAD PWM3A_C
                  --------
                   15.088   (31.9% logic, 68.1% route), 4 logic levels.

Report:   15.088ns delay IO9_C to PWM3B_C

   Name    Fanout   Delay (ns)          Site               Resource
PADI_DEL    ---     1.132        133.PAD to      133.PADDI IO9_C
ROUTE         3     2.883      133.PADDI to      R2C24D.A0 IO9_C_c
CTOF_DEL    ---     0.443      R2C24D.A0 to      R2C24D.F0 SLICE_0
ROUTE        14     2.382      R2C24D.F0 to     R13C27A.A0 N_21
CTOF_DEL    ---     0.443     R13C27A.A0 to     R13C27A.F0 SLICE_6
ROUTE         6     5.008     R13C27A.F0 to       22.PADDO PWM9B_C_c
DOPAD_DEL   ---     2.797       22.PADDO to         22.PAD PWM3B_C
                  --------
                   15.088   (31.9% logic, 68.1% route), 4 logic levels.

Report:   14.893ns delay IO11_C to PWM3A_C

   Name    Fanout   Delay (ns)          Site               Resource
PADI_DEL    ---     1.132        138.PAD to      138.PADDI IO11_C
ROUTE         4     2.688      138.PADDI to      R2C24D.C0 IO1_C_c
CTOF_DEL    ---     0.443      R2C24D.C0 to      R2C24D.F0 SLICE_0
ROUTE        14     2.382      R2C24D.F0 to     R13C27A.A0 N_21
CTOF_DEL    ---     0.443     R13C27A.A0 to     R13C27A.F0 SLICE_6
ROUTE         6     5.008     R13C27A.F0 to       21.PADDO PWM9B_C_c
DOPAD_DEL   ---     2.797       21.PADDO to         21.PAD PWM3A_C
                  --------
                   14.893   (32.3% logic, 67.7% route), 4 logic levels.

Report:   14.893ns delay IO11_C to PWM3B_C

   Name    Fanout   Delay (ns)          Site               Resource
PADI_DEL    ---     1.132        138.PAD to      138.PADDI IO11_C
ROUTE         4     2.688      138.PADDI to      R2C24D.C0 IO1_C_c
CTOF_DEL    ---     0.443      R2C24D.C0 to      R2C24D.F0 SLICE_0
ROUTE        14     2.382      R2C24D.F0 to     R13C27A.A0 N_21
CTOF_DEL    ---     0.443     R13C27A.A0 to     R13C27A.F0 SLICE_6
ROUTE         6     5.008     R13C27A.F0 to       22.PADDO PWM9B_C_c
DOPAD_DEL   ---     2.797       22.PADDO to         22.PAD PWM3B_C
                  --------
                   14.893   (32.3% logic, 67.7% route), 4 logic levels.

Report:   14.710ns delay IO10_C to PWM3A_C

   Name    Fanout   Delay (ns)          Site               Resource
PADI_DEL    ---     1.132        132.PAD to      132.PADDI IO10_C
ROUTE         3     2.505      132.PADDI to      R2C24D.D0 IO84_D_c
CTOF_DEL    ---     0.443      R2C24D.D0 to      R2C24D.F0 SLICE_0
ROUTE        14     2.382      R2C24D.F0 to     R13C27A.A0 N_21
CTOF_DEL    ---     0.443     R13C27A.A0 to     R13C27A.F0 SLICE_6
ROUTE         6     5.008     R13C27A.F0 to       21.PADDO PWM9B_C_c
DOPAD_DEL   ---     2.797       21.PADDO to         21.PAD PWM3A_C
                  --------
                   14.710   (32.7% logic, 67.3% route), 4 logic levels.

Report:   14.710ns delay IO10_C to PWM3B_C

   Name    Fanout   Delay (ns)          Site               Resource
PADI_DEL    ---     1.132        132.PAD to      132.PADDI IO10_C
ROUTE         3     2.505      132.PADDI to      R2C24D.D0 IO84_D_c
CTOF_DEL    ---     0.443      R2C24D.D0 to      R2C24D.F0 SLICE_0
ROUTE        14     2.382      R2C24D.F0 to     R13C27A.A0 N_21
CTOF_DEL    ---     0.443     R13C27A.A0 to     R13C27A.F0 SLICE_6
ROUTE         6     5.008     R13C27A.F0 to       22.PADDO PWM9B_C_c
DOPAD_DEL   ---     2.797       22.PADDO to         22.PAD PWM3B_C
                  --------
                   14.710   (32.7% logic, 67.3% route), 4 logic levels.

Report:   14.648ns delay IO14_D to PWM3A_C

   Name    Fanout   Delay (ns)          Site               Resource
PADI_DEL    ---     1.132        122.PAD to      122.PADDI IO14_D
ROUTE         3     2.443      122.PADDI to      R2C24D.B0 IO8_C_c
CTOF_DEL    ---     0.443      R2C24D.B0 to      R2C24D.F0 SLICE_0
ROUTE        14     2.382      R2C24D.F0 to     R13C27A.A0 N_21
CTOF_DEL    ---     0.443     R13C27A.A0 to     R13C27A.F0 SLICE_6
ROUTE         6     5.008     R13C27A.F0 to       21.PADDO PWM9B_C_c
DOPAD_DEL   ---     2.797       21.PADDO to         21.PAD PWM3A_C
                  --------
                   14.648   (32.9% logic, 67.1% route), 4 logic levels.

Report:   14.648ns delay IO14_D to PWM3B_C

   Name    Fanout   Delay (ns)          Site               Resource
PADI_DEL    ---     1.132        122.PAD to      122.PADDI IO14_D
ROUTE         3     2.443      122.PADDI to      R2C24D.B0 IO8_C_c
CTOF_DEL    ---     0.443      R2C24D.B0 to      R2C24D.F0 SLICE_0
ROUTE        14     2.382      R2C24D.F0 to     R13C27A.A0 N_21
CTOF_DEL    ---     0.443     R13C27A.A0 to     R13C27A.F0 SLICE_6
ROUTE         6     5.008     R13C27A.F0 to       22.PADDO PWM9B_C_c
DOPAD_DEL   ---     2.797       22.PADDO to         22.PAD PWM3B_C
                  --------
                   14.648   (32.9% logic, 67.1% route), 4 logic levels.

Report:   14.630ns delay IO9_C to PWM6A_C

   Name    Fanout   Delay (ns)          Site               Resource
PADI_DEL    ---     1.132        133.PAD to      133.PADDI IO9_C
ROUTE         3     2.883      133.PADDI to      R2C24D.A0 IO9_C_c
CTOF_DEL    ---     0.443      R2C24D.A0 to      R2C24D.F0 SLICE_0
ROUTE        14     2.382      R2C24D.F0 to     R13C27A.A0 N_21
CTOF_DEL    ---     0.443     R13C27A.A0 to     R13C27A.F0 SLICE_6
ROUTE         6     4.550     R13C27A.F0 to       34.PADDO PWM9B_C_c
DOPAD_DEL   ---     2.797       34.PADDO to         34.PAD PWM6A_C
                  --------
                   14.630   (32.9% logic, 67.1% route), 4 logic levels.

Report:   14.630ns delay IO9_C to PWM6B_C

   Name    Fanout   Delay (ns)          Site               Resource
PADI_DEL    ---     1.132        133.PAD to      133.PADDI IO9_C
ROUTE         3     2.883      133.PADDI to      R2C24D.A0 IO9_C_c
CTOF_DEL    ---     0.443      R2C24D.A0 to      R2C24D.F0 SLICE_0
ROUTE        14     2.382      R2C24D.F0 to     R13C27A.A0 N_21
CTOF_DEL    ---     0.443     R13C27A.A0 to     R13C27A.F0 SLICE_6
ROUTE         6     4.550     R13C27A.F0 to       35.PADDO PWM9B_C_c
DOPAD_DEL   ---     2.797       35.PADDO to         35.PAD PWM6B_C
                  --------
                   14.630   (32.9% logic, 67.1% route), 4 logic levels.

Report:  496.278MHz is the maximum frequency for this preference.

Report:   15.088ns is the maximum delay for this preference.


================================================================================
Preference: Default net enumeration
            35 items scored, 0 timing errors detected.
--------------------------------------------------------------------------------

Report:    6.673ns maximum delay on GND

           Delays             Connection(s)
           3.554ns        R14C8B.F0 to 71.PADDO        
           4.579ns        R14C8B.F0 to 45.PADDO        
           4.890ns        R14C8B.F0 to 119.PADDO       
           4.508ns        R14C8B.F0 to 121.PADDO       
           4.579ns        R14C8B.F0 to 47.PADDO        
           6.596ns        R14C8B.F0 to 4.PADDO         
           6.668ns        R14C8B.F0 to 5.PADDO         
           6.668ns        R14C8B.F0 to 6.PADDO         
           6.673ns        R14C8B.F0 to 9.PADDO         
           6.673ns        R14C8B.F0 to 10.PADDO        
           6.673ns        R14C8B.F0 to 11.PADDO        
           5.818ns        R14C8B.F0 to 38.PADDO        
           5.818ns        R14C8B.F0 to 39.PADDO        
           5.818ns        R14C8B.F0 to 40.PADDO        
           5.818ns        R14C8B.F0 to 41.PADDO        
           4.973ns        R14C8B.F0 to 42.PADDO        
           4.973ns        R14C8B.F0 to 43.PADDO        
           4.579ns        R14C8B.F0 to 48.PADDO        
           4.166ns        R14C8B.F0 to 49.PADDO        
           4.166ns        R14C8B.F0 to 50.PADDO        
           4.160ns        R14C8B.F0 to 52.PADDO        
           4.160ns        R14C8B.F0 to 54.PADDO        
           3.340ns        R14C8B.F0 to 55.PADDO        
           6.214ns        R14C8B.F0 to 2.PADDO         
           4.502ns        R14C8B.F0 to 127.PADDO       
           4.508ns        R14C8B.F0 to 126.PADDO       
           4.508ns        R14C8B.F0 to 125.PADDO       
           5.797ns        R14C8B.F0 to 139.PADDO       
           5.797ns        R14C8B.F0 to 140.PADDO       
           5.408ns        R14C8B.F0 to 142.PADDO       
           3.340ns        R14C8B.F0 to 56.PADDO        
           3.320ns        R14C8B.F0 to 57.PADDO        
           3.320ns        R14C8B.F0 to 58.PADDO        
           2.927ns        R14C8B.F0 to 59.PADDO        
           2.927ns        R14C8B.F0 to 60.PADDO        
           3.554ns        R14C8B.F0 to 70.PADDO        
           4.036ns        R14C8B.F0 to 115.PADDO       

Report:    5.333ns maximum delay on IO1_C_c

           Delays             Connection(s)
           5.333ns        138.PADDI to IOL_B9A.CLK     
           4.476ns        138.PADDI to 26.PADDO        
           3.365ns        138.PADDI to 120.PADDO       
           2.688ns        138.PADDI to R2C24D.C0       

Report:    5.008ns maximum delay on PWM9B_C_c

           Delays             Connection(s)
           5.008ns       R13C27A.F0 to 21.PADDO        
           5.008ns       R13C27A.F0 to 22.PADDO        
           4.550ns       R13C27A.F0 to 34.PADDO        
           4.550ns       R13C27A.F0 to 35.PADDO        
           1.946ns       R13C27A.F0 to 73.PADDO        
           1.946ns       R13C27A.F0 to 74.PADDO        

Report:    4.929ns maximum delay on PWM5B_D_c

           Delays             Connection(s)
           4.929ns        110.PADDI to R17C2A.C0       

Report:    4.692ns maximum delay on PWM2A_D_c

           Delays             Connection(s)
           4.692ns        103.PADDI to R16C4A.B0       

Report:    4.463ns maximum delay on N_21

           Delays             Connection(s)
           4.311ns        R2C24D.F0 to 27.PADDO        
           3.964ns        R2C24D.F0 to R17C27A.A0      
           3.154ns        R2C24D.F0 to R17C24A.B0      
           4.463ns        R2C24D.F0 to R17C2A.A0       
           3.626ns        R2C24D.F0 to R14C2A.A0       
           4.075ns        R2C24D.F0 to R17C3A.A0       
           4.069ns        R2C24D.F0 to R16C4A.A0       
           2.382ns        R2C24D.F0 to R13C27A.A0      
           3.612ns        R2C24D.F0 to R10C2C.D0       
           3.168ns        R2C24D.F0 to R10C3A.A0       
           3.562ns        R2C24D.F0 to R10C2B.A0       
           3.562ns        R2C24D.F0 to R10C2A.A0       
           0.643ns        R2C24D.F0 to R2C24B.B1       
           0.888ns        R2C24D.F0 to R2C24D.A1       

Report:    4.438ns maximum delay on PWM5A_D_c

           Delays             Connection(s)
           4.438ns        111.PADDI to R17C3A.D0       

Report:    4.386ns maximum delay on PWM2B_D_c

           Delays             Connection(s)
           4.386ns        100.PADDI to R14C2A.D0       

Report:    4.189ns maximum delay on PWM4A_D_c

           Delays             Connection(s)
           4.189ns        107.PADDI to R10C2C.A0       

Report:    4.100ns maximum delay on PWM4B_D_c

           Delays             Connection(s)
           4.100ns        109.PADDI to R10C2B.C0       

Report:    6.673ns is the maximum delay for this preference.

Report Summary
--------------
----------------------------------------------------------------------------
Preference                              |   Constraint|       Actual|Levels
----------------------------------------------------------------------------
                                        |             |             |
Default path enumeration                |     0.000 ns|    15.088 ns|   0  
                                        |             |             |
Default net enumeration                 |     0.000 ns|     6.673 ns|   0  
                                        |             |             |
----------------------------------------------------------------------------


All preferences were met.


Clock Domains Analysis
------------------------

Found 1 clocks:

Clock Domain: IO1_C_c   Source: IO11_C.PAD   Loads: 4
   No transfer within this clock domain is found


Timing summary (Setup):
---------------

Timing errors: 0  Score: 0
Cumulative negative slack: 0

Constraints cover 116 paths, 35 nets, and 102 connections (100.0% coverage)

--------------------------------------------------------------------------------

